// Jest Snapshot v1, https://goo.gl/fbAQLP

exports[`Config Model config.toJsonSchema 1`] = `
{
  "properties": {
    "toppings": {
      "description": "optional toppings for the pizza",
      "items": {
        "enum": [
          "cheese",
          "pepperoni",
          "sausage",
        ],
        "type": "string",
      },
      "type": "array",
    },
  },
  "required": [],
  "type": "object",
}
`;
